
> skaev-swp-project@0.0.0 test:cov
> vitest run --coverage


[7m[1m[36m RUN [39m[22m[27m [36mv1.6.1[39m [90mD:/Term5/SWP391/FPTU_FA25_SWP391_G4_Topic3_SkaEV[39m
[2m      Coverage enabled with [22m[33mv8[39m

node.exe : [90mstderr[2m | src/store/__tests__/authStore.test.js[2m > [22m[2mauthStore[2m > 
[22m[2minitializes with unauthenticated state[22m[39m
At line:1 char:1
+ & "C:\Program Files\nodejs/node.exe" "C:\Program Files\nodejs/node_mo ...
+ ~~~~~~~~~~~~~~~~~~~~~~~~~~~~~~~~~~~~~~~~~~~~~~~~~~~~~~~~~~~~~~~~~~~~~
    + CategoryInfo          : NotSpecified: ([90mstderr[2m...state[22m[39m:String) [], RemoteExcep 
   tion
    + FullyQualifiedErrorId : NativeCommandError
 
An update to TestComponent inside a test was not wrapped in act(...).

When testing, code that causes React state updates should be wrapped into act(...):

act(() => {
  /* fire events that update state */
});
/* assert on the output */

This ensures that you're testing the behavior the user would see in the browser. Learn more at 
https://react.dev/link/wrap-tests-with-act
An update to TestComponent inside a test was not wrapped in act(...).

When testing, code that causes React state updates should be wrapped into act(...):

act(() => {
  /* fire events that update state */
});
/* assert on the output */

This ensures that you're testing the behavior the user would see in the browser. Learn more at 
https://react.dev/link/wrap-tests-with-act

[90mstderr[2m | src/store/__tests__/authStore.test.js[2m > [22m[2mauthStore[2m > [22m[2mlogs 
in user successfully and sets state[22m[39m
An update to TestComponent inside a test was not wrapped in act(...).

When testing, code that causes React state updates should be wrapped into act(...):

act(() => {
  /* fire events that update state */
});
/* assert on the output */

This ensures that you're testing the behavior the user would see in the browser. Learn more at 
https://react.dev/link/wrap-tests-with-act
An update to TestComponent inside a test was not wrapped in act(...).

When testing, code that causes React state updates should be wrapped into act(...):

act(() => {
  /* fire events that update state */
});
/* assert on the output */

This ensures that you're testing the behavior the user would see in the browser. Learn more at 
https://react.dev/link/wrap-tests-with-act

[90mstderr[2m | src/store/__tests__/authStore.test.js[2m > [22m[2mauthStore[2m > 
[22m[2mhandles login error and sets error state[22m[39m
An update to TestComponent inside a test was not wrapped in act(...).

When testing, code that causes React state updates should be wrapped into act(...):

act(() => {
  /* fire events that update state */
});
/* assert on the output */

This ensures that you're testing the behavior the user would see in the browser. Learn more at 
https://react.dev/link/wrap-tests-with-act
An update to TestComponent inside a test was not wrapped in act(...).

When testing, code that causes React state updates should be wrapped into act(...):

act(() => {
  /* fire events that update state */
});
/* assert on the output */

This ensures that you're testing the behavior the user would see in the browser. Learn more at 
https://react.dev/link/wrap-tests-with-act

[90mstdout[2m | src/store/__tests__/bookingStore.test.js[2m > [22m[2mbookingStore[2m > [22m[2mcreates scheduled booking with datetime[22m[39m
≡ƒô¥ Creating booking (API ENABLED): {
  stationId: [33m1[39m,
  stationName: [32m'Test Station'[39m,
  schedulingType: [32m'scheduled'[39m,
  scheduledDateTime: [32m'2025-11-07T14:00:00Z'[39m,
  chargerType: { id: [32m'dc'[39m, name: [32m'DC'[39m },
  connector: { id: [32m'ccs2'[39m, name: [32m'CCS2'[39m },
  port: { id: [32m'A01'[39m }
}
≡ƒôñ API Payload: {
  stationId: [33m1[39m,
  slotId: [33m3[39m,
  vehicleId: [33m5[39m,
  scheduledStartTime: [32m'2025-11-07T14:00:00Z'[39m,
  estimatedArrival: [32m'2025-11-07T14:00:00Z'[39m,
  estimatedDuration: [33m60[39m,
  schedulingType: [32m'scheduled'[39m,
  targetSoc: [33m80[39m
}
Γ£à API Response: {
  bookingId: [33m124[39m,
  status: [32m'scheduled'[39m,
  scheduledStartTime: [32m'2025-11-07T14:00:00Z'[39m
}
Γ£à Booking created: [33m124[39m

[90mstderr[2m | src/store/__tests__/bookingStore.test.js[2m > [22m[2mbookingStore[2m > 
[22m[2mcreates scheduled booking with datetime[22m[39m
ΓÜá∩╕Å No real slot ID, using fallback slot: [33m3[39m

[90mstderr[2m | src/store/__tests__/authStore.test.js[2m > [22m[2mauthStore[2m > 
[22m[2mregisters user successfully[22m[39m
An update to TestComponent inside a test was not wrapped in act(...).

When testing, code that causes React state updates should be wrapped into act(...):

act(() => {
  /* fire events that update state */
});
/* assert on the output */

This ensures that you're testing the behavior the user would see in the browser. Learn more at 
https://react.dev/link/wrap-tests-with-act
An update to TestComponent inside a test was not wrapped in act(...).

When testing, code that causes React state updates should be wrapped into act(...):

act(() => {
  /* fire events that update state */
});
/* assert on the output */

This ensures that you're testing the behavior the user would see in the browser. Learn more at 
https://react.dev/link/wrap-tests-with-act

[90mstderr[2m | src/store/__tests__/authStore.test.js[2m > [22m[2mauthStore[2m > [22m[2mclears 
user state on logout[22m[39m
An update to TestComponent inside a test was not wrapped in act(...).

When testing, code that causes React state updates should be wrapped into act(...):

act(() => {
  /* fire events that update state */
});
/* assert on the output */

This ensures that you're testing the behavior the user would see in the browser. Learn more at 
https://react.dev/link/wrap-tests-with-act
An update to TestComponent inside a test was not wrapped in act(...).

When testing, code that causes React state updates should be wrapped into act(...):

act(() => {
  /* fire events that update state */
});
/* assert on the output */

This ensures that you're testing the behavior the user would see in the browser. Learn more at 
https://react.dev/link/wrap-tests-with-act

[90mstdout[2m | src/store/__tests__/bookingStore.test.js[2m > [22m[2mbookingStore[2m > [22m[2mstarts charging session and creates session object[22m[39m
≡ƒôñ Starting charging via API: [33m123[39m
ΓÜá∩╕Å Skipping API call (requires staff role)

[90mstderr[2m | src/store/__tests__/authStore.test.js[2m > [22m[2mauthStore[2m > [22m[2mclears 
error when clearError is called[22m[39m
An update to TestComponent inside a test was not wrapped in act(...).

When testing, code that causes React state updates should be wrapped into act(...):

act(() => {
  /* fire events that update state */
});
/* assert on the output */

This ensures that you're testing the behavior the user would see in the browser. Learn more at 
https://react.dev/link/wrap-tests-with-act
An update to TestComponent inside a test was not wrapped in act(...).

When testing, code that causes React state updates should be wrapped into act(...):

act(() => {
  /* fire events that update state */
});
/* assert on the output */

This ensures that you're testing the behavior the user would see in the browser. Learn more at 
https://react.dev/link/wrap-tests-with-act

[90mstderr[2m | src/store/__tests__/authStore.test.js[2m > [22m[2mauthStore[2m > 
[22m[2mpersists user data across page reloads[22m[39m
An update to TestComponent inside a test was not wrapped in act(...).

When testing, code that causes React state updates should be wrapped into act(...):

act(() => {
  /* fire events that update state */
});
/* assert on the output */

This ensures that you're testing the behavior the user would see in the browser. Learn more at 
https://react.dev/link/wrap-tests-with-act
An update to TestComponent inside a test was not wrapped in act(...).

When testing, code that causes React state updates should be wrapped into act(...):

act(() => {
  /* fire events that update state */
});
/* assert on the output */

This ensures that you're testing the behavior the user would see in the browser. Learn more at 
https://react.dev/link/wrap-tests-with-act
An update to TestComponent inside a test was not wrapped in act(...).

When testing, code that causes React state updates should be wrapped into act(...):

act(() => {
  /* fire events that update state */
});
/* assert on the output */

This ensures that you're testing the behavior the user would see in the browser. Learn more at 
https://react.dev/link/wrap-tests-with-act

[90mstderr[2m | src/store/__tests__/authStore.test.js[2m > [22m[2mauthStore[2m > 
[22m[2mprovides role helper methods[22m[39m
An update to TestComponent inside a test was not wrapped in act(...).

When testing, code that causes React state updates should be wrapped into act(...):

act(() => {
  /* fire events that update state */
});
/* assert on the output */

This ensures that you're testing the behavior the user would see in the browser. Learn more at 
https://react.dev/link/wrap-tests-with-act
An update to TestComponent inside a test was not wrapped in act(...).

When testing, code that causes React state updates should be wrapped into act(...):

act(() => {
  /* fire events that update state */
});
/* assert on the output */

This ensures that you're testing the behavior the user would see in the browser. Learn more at 
https://react.dev/link/wrap-tests-with-act

[90mstderr[2m | src/store/__tests__/authStore.test.js[2m > [22m[2mauthStore[2m > 
[22m[2mupdates profile data[22m[39m
An update to TestComponent inside a test was not wrapped in act(...).

When testing, code that causes React state updates should be wrapped into act(...):

act(() => {
  /* fire events that update state */
});
/* assert on the output */

This ensures that you're testing the behavior the user would see in the browser. Learn more at 
https://react.dev/link/wrap-tests-with-act
An update to TestComponent inside a test was not wrapped in act(...).

When testing, code that causes React state updates should be wrapped into act(...):

act(() => {
  /* fire events that update state */
});
/* assert on the output */

This ensures that you're testing the behavior the user would see in the browser. Learn more at 
https://react.dev/link/wrap-tests-with-act

[90mstderr[2m | src/store/__tests__/bookingStore.test.js[2m > [22m[2mbookingStore[2m > 
[22m[2mthrows error if trying to start charging without QR scan[22m[39m
Γ¥î Error starting charging: Error: Must scan QR code before starting charging
    at Object.startCharging 
[90m(D:\Term5\SWP391\FPTU_FA25_SWP391_G4_Topic3_SkaEV\[39msrc\store\bookingStore.js:423:19[90m)[39m
    at [90mD:\Term5\SWP391\FPTU_FA25_SWP391_G4_Topic3_SkaEV\[39msrc\store\__tests__\bookingStore.test
.js:235:30
    at [90mD:\Term5\SWP391\FPTU_FA25_SWP391_G4_Topic3_SkaEV\[39mnode_modules\[4m@testing-library[24
m\react\dist\act-compat.js:48:24
    at process.env.NODE_ENV.exports.act [90m(D:\Term5\SWP391\FPTU_FA25_SWP391_G4_Topic3_SkaEV\[39mnod
e_modules\[4mreact[24m\cjs\react.development.js:790:22[90m)[39m
    at Proxy.<anonymous> [90m(D:\Term5\SWP391\FPTU_FA25_SWP391_G4_Topic3_SkaEV\[39mnode_modules\[4m@
testing-library[24m\react\dist\act-compat.js:47:25[90m)[39m
    at [90mD:\Term5\SWP391\FPTU_FA25_SWP391_G4_Topic3_SkaEV\[39msrc\store\__tests__\bookingStore.test
.js:234:7
    at [90mfile:///D:/Term5/SWP391/FPTU_FA25_SWP391_G4_Topic3_SkaEV/[39mnode_modules/[4m@vitest[24m
/runner/dist/index.js:135:14
    at [90mfile:///D:/Term5/SWP391/FPTU_FA25_SWP391_G4_Topic3_SkaEV/[39mnode_modules/[4m@vitest[24m
/runner/dist/index.js:60:26
    at runTest [90m(file:///D:/Term5/SWP391/FPTU_FA25_SWP391_G4_Topic3_SkaEV/[39mnode_modules/[4m@vi
test[24m/runner/dist/index.js:781:17[90m)[39m
    at runSuite [90m(file:///D:/Term5/SWP391/FPTU_FA25_SWP391_G4_Topic3_SkaEV/[39mnode_modules/[4m@v
itest[24m/runner/dist/index.js:909:15[90m)[39m

[90mstdout[2m | src/store/__tests__/bookingStore.test.js[2m > [22m[2mbookingStore[2m > [22m[2mcancels booking[22m[39m
≡ƒôñ Cancelling booking via API: [33m123[39m
Γ£à Booking cancelled via API

[90mstderr[2m | src/store/__tests__/bookingStore.test.js[2m > [22m[2mbookingStore[2m > 
[22m[2mhandles booking creation with vehicle data[22m[39m
ΓÜá∩╕Å No real slot ID, using fallback slot: [33m3[39m

[90mstdout[2m | src/store/__tests__/bookingStore.test.js[2m > [22m[2mbookingStore[2m > [22m[2mhandles booking creation with vehicle data[22m[39m
≡ƒô¥ Creating booking (API ENABLED): {
  stationId: [33m1[39m,
  stationName: [32m'Test Station'[39m,
  schedulingType: [32m'immediate'[39m,
  chargerType: { id: [32m'dc'[39m, name: [32m'DC'[39m },
  connector: { id: [32m'ccs2'[39m, name: [32m'CCS2'[39m },
  port: { id: [32m'A01'[39m },
  vehicleId: [33m5[39m
}
≡ƒôñ API Payload: {
  stationId: [33m1[39m,
  slotId: [33m3[39m,
  vehicleId: [33m5[39m,
  scheduledStartTime: [32m'2025-11-06T17:23:57.622Z'[39m,
  estimatedArrival: [32m'2025-11-06T17:38:57.622Z'[39m,
  estimatedDuration: [33m60[39m,
  schedulingType: [32m'immediate'[39m,
  targetSoc: [33m80[39m
}
Γ£à API Response: { bookingId: [33m125[39m, status: [32m'pending'[39m, vehicleId: [33m5[39m }
Γ£à Booking created: [33m125[39m

[90mstderr[2m | src/store/__tests__/bookingStore.test.js[2m > [22m[2mbookingStore[2m > 
[22m[2mhandles API error when fetching bookings[22m[39m
Fetch bookings error: Network error Error: Network error
    at [90mD:\Term5\SWP391\FPTU_FA25_SWP391_G4_Topic3_SkaEV\[39msrc\store\__tests__\bookingStore.test
.js:415:42
    at [90mfile:///D:/Term5/SWP391/FPTU_FA25_SWP391_G4_Topic3_SkaEV/[39mnode_modules/[4m@vitest[24m
/runner/dist/index.js:135:14
    at [90mfile:///D:/Term5/SWP391/FPTU_FA25_SWP391_G4_Topic3_SkaEV/[39mnode_modules/[4m@vitest[24m
/runner/dist/index.js:60:26
    at runTest [90m(file:///D:/Term5/SWP391/FPTU_FA25_SWP391_G4_Topic3_SkaEV/[39mnode_modules/[4m@vi
test[24m/runner/dist/index.js:781:17[90m)[39m
    at runSuite [90m(file:///D:/Term5/SWP391/FPTU_FA25_SWP391_G4_Topic3_SkaEV/[39mnode_modules/[4m@v
itest[24m/runner/dist/index.js:909:15[90m)[39m
    at runSuite [90m(file:///D:/Term5/SWP391/FPTU_FA25_SWP391_G4_Topic3_SkaEV/[39mnode_modules/[4m@v
itest[24m/runner/dist/index.js:909:15[90m)[39m
    at runFiles [90m(file:///D:/Term5/SWP391/FPTU_FA25_SWP391_G4_Topic3_SkaEV/[39mnode_modules/[4m@v
itest[24m/runner/dist/index.js:958:5[90m)[39m
    at startTests [90m(file:///D:/Term5/SWP391/FPTU_FA25_SWP391_G4_Topic3_SkaEV/[39mnode_modules/[4m
@vitest[24m/runner/dist/index.js:967:3[90m)[39m
    at [90mfile:///D:/Term5/SWP391/FPTU_FA25_SWP391_G4_Topic3_SkaEV/[39mnode_modules/[4mvitest[24m/
dist/chunks/runtime-runBaseTests.oAvMKtQC.js:116:7
    at withEnv [90m(file:///D:/Term5/SWP391/FPTU_FA25_SWP391_G4_Topic3_SkaEV/[39mnode_modules/[4mvit
est[24m/dist/chunks/runtime-runBaseTests.oAvMKtQC.js:83:5[90m)[39m

[90mstdout[2m | src/store/__tests__/bookingStore.test.js[2m > [22m[2mbookingStore[2m > [22m[2mhandles API error when creating booking[22m[39m
≡ƒô¥ Creating booking (API ENABLED): {
  stationId: [33m1[39m,
  stationName: [32m'Test Station'[39m,
  schedulingType: [32m'immediate'[39m,
  chargerType: { id: [32m'dc'[39m, name: [32m'DC'[39m },
  connector: { id: [32m'ccs2'[39m, name: [32m'CCS2'[39m },
  port: { id: [32m'A01'[39m }
}
≡ƒôñ API Payload: {
  stationId: [33m1[39m,
  slotId: [33m3[39m,
  vehicleId: [33m5[39m,
  scheduledStartTime: [32m'2025-11-06T17:23:57.640Z'[39m,
  estimatedArrival: [32m'2025-11-06T17:38:57.640Z'[39m,
  estimatedDuration: [33m60[39m,
  schedulingType: [32m'immediate'[39m,
  targetSoc: [33m80[39m
}
Γ£à Booking created: BOOK1762449837639

[90mstderr[2m | src/store/__tests__/bookingStore.test.js[2m > [22m[2mbookingStore[2m > 
[22m[2mhandles API error when creating booking[22m[39m
ΓÜá∩╕Å No real slot ID, using fallback slot: [33m3[39m
Γ¥î API Error: Station unavailable
ΓÜá∩╕Å Using local booking as fallback

[90mstdout[2m | src/store/__tests__/bookingStore.test.js[2m > [22m[2mbookingStore[2m > [22m[2mhandles cancel booking API error[22m[39m
≡ƒôñ Cancelling booking via API: [33m123[39m

[90mstderr[2m | src/store/__tests__/bookingStore.test.js[2m > [22m[2mbookingStore[2m > 
[22m[2mhandles cancel booking API error[22m[39m
Γ¥î Error cancelling booking via API: Error: Cannot cancel
    at [90mD:\Term5\SWP391\FPTU_FA25_SWP391_G4_Topic3_SkaEV\[39msrc\store\__tests__\bookingStore.test
.js:463:42
    at [90mfile:///D:/Term5/SWP391/FPTU_FA25_SWP391_G4_Topic3_SkaEV/[39mnode_modules/[4m@vitest[24m
/runner/dist/index.js:135:14
    at [90mfile:///D:/Term5/SWP391/FPTU_FA25_SWP391_G4_Topic3_SkaEV/[39mnode_modules/[4m@vitest[24m
/runner/dist/index.js:60:26
    at runTest [90m(file:///D:/Term5/SWP391/FPTU_FA25_SWP391_G4_Topic3_SkaEV/[39mnode_modules/[4m@vi
test[24m/runner/dist/index.js:781:17[90m)[39m
    at runSuite [90m(file:///D:/Term5/SWP391/FPTU_FA25_SWP391_G4_Topic3_SkaEV/[39mnode_modules/[4m@v
itest[24m/runner/dist/index.js:909:15[90m)[39m
    at runSuite [90m(file:///D:/Term5/SWP391/FPTU_FA25_SWP391_G4_Topic3_SkaEV/[39mnode_modules/[4m@v
itest[24m/runner/dist/index.js:909:15[90m)[39m
    at runFiles [90m(file:///D:/Term5/SWP391/FPTU_FA25_SWP391_G4_Topic3_SkaEV/[39mnode_modules/[4m@v
itest[24m/runner/dist/index.js:958:5[90m)[39m
    at startTests [90m(file:///D:/Term5/SWP391/FPTU_FA25_SWP391_G4_Topic3_SkaEV/[39mnode_modules/[4m
@vitest[24m/runner/dist/index.js:967:3[90m)[39m
    at [90mfile:///D:/Term5/SWP391/FPTU_FA25_SWP391_G4_Topic3_SkaEV/[39mnode_modules/[4mvitest[24m/
dist/chunks/runtime-runBaseTests.oAvMKtQC.js:116:7
    at withEnv [90m(file:///D:/Term5/SWP391/FPTU_FA25_SWP391_G4_Topic3_SkaEV/[39mnode_modules/[4mvit
est[24m/dist/chunks/runtime-runBaseTests.oAvMKtQC.js:83:5[90m)[39m

[90mstderr[2m | src/store/__tests__/bookingStore.test.js[2m > [22m[2mbookingStore[2m > 
[22m[2mhandles empty booking ID when starting charge[22m[39m
Γ¥î Error starting charging: Error: Must scan QR code before starting charging
    at Object.startCharging 
[90m(D:\Term5\SWP391\FPTU_FA25_SWP391_G4_Topic3_SkaEV\[39msrc\store\bookingStore.js:423:19[90m)[39m
    at [90mD:\Term5\SWP391\FPTU_FA25_SWP391_G4_Topic3_SkaEV\[39msrc\store\__tests__\bookingStore.test
.js:502:30
    at [90mD:\Term5\SWP391\FPTU_FA25_SWP391_G4_Topic3_SkaEV\[39mnode_modules\[4m@testing-library[24
m\react\dist\act-compat.js:48:24
    at process.env.NODE_ENV.exports.act [90m(D:\Term5\SWP391\FPTU_FA25_SWP391_G4_Topic3_SkaEV\[39mnod
e_modules\[4mreact[24m\cjs\react.development.js:790:22[90m)[39m
    at Proxy.<anonymous> [90m(D:\Term5\SWP391\FPTU_FA25_SWP391_G4_Topic3_SkaEV\[39mnode_modules\[4m@
testing-library[24m\react\dist\act-compat.js:47:25[90m)[39m
    at [90mD:\Term5\SWP391\FPTU_FA25_SWP391_G4_Topic3_SkaEV\[39msrc\store\__tests__\bookingStore.test
.js:501:7
    at [90mfile:///D:/Term5/SWP391/FPTU_FA25_SWP391_G4_Topic3_SkaEV/[39mnode_modules/[4m@vitest[24m
/runner/dist/index.js:135:14
    at [90mfile:///D:/Term5/SWP391/FPTU_FA25_SWP391_G4_Topic3_SkaEV/[39mnode_modules/[4m@vitest[24m
/runner/dist/index.js:60:26
    at runTest [90m(file:///D:/Term5/SWP391/FPTU_FA25_SWP391_G4_Topic3_SkaEV/[39mnode_modules/[4m@vi
test[24m/runner/dist/index.js:781:17[90m)[39m
    at runSuite [90m(file:///D:/Term5/SWP391/FPTU_FA25_SWP391_G4_Topic3_SkaEV/[39mnode_modules/[4m@v
itest[24m/runner/dist/index.js:909:15[90m)[39m

[90mstderr[2m | src/store/__tests__/bookingStore.test.js[2m > [22m[2mbookingStore[2m > 
[22m[2mhandles invalid booking when starting charge[22m[39m
Γ¥î Error starting charging: Error: Must scan QR code before starting charging
    at Object.startCharging 
[90m(D:\Term5\SWP391\FPTU_FA25_SWP391_G4_Topic3_SkaEV\[39msrc\store\bookingStore.js:423:19[90m)[39m
    at [90mD:\Term5\SWP391\FPTU_FA25_SWP391_G4_Topic3_SkaEV\[39msrc\store\__tests__\bookingStore.test
.js:512:30
    at [90mD:\Term5\SWP391\FPTU_FA25_SWP391_G4_Topic3_SkaEV\[39mnode_modules\[4m@testing-library[24
m\react\dist\act-compat.js:48:24
    at process.env.NODE_ENV.exports.act [90m(D:\Term5\SWP391\FPTU_FA25_SWP391_G4_Topic3_SkaEV\[39mnod
e_modules\[4mreact[24m\cjs\react.development.js:790:22[90m)[39m
    at Proxy.<anonymous> [90m(D:\Term5\SWP391\FPTU_FA25_SWP391_G4_Topic3_SkaEV\[39mnode_modules\[4m@
testing-library[24m\react\dist\act-compat.js:47:25[90m)[39m
    at [90mD:\Term5\SWP391\FPTU_FA25_SWP391_G4_Topic3_SkaEV\[39msrc\store\__tests__\bookingStore.test
.js:511:7
    at [90mfile:///D:/Term5/SWP391/FPTU_FA25_SWP391_G4_Topic3_SkaEV/[39mnode_modules/[4m@vitest[24m
/runner/dist/index.js:135:14
    at [90mfile:///D:/Term5/SWP391/FPTU_FA25_SWP391_G4_Topic3_SkaEV/[39mnode_modules/[4m@vitest[24m
/runner/dist/index.js:60:26
    at runTest [90m(file:///D:/Term5/SWP391/FPTU_FA25_SWP391_G4_Topic3_SkaEV/[39mnode_modules/[4m@vi
test[24m/runner/dist/index.js:781:17[90m)[39m
    at runSuite [90m(file:///D:/Term5/SWP391/FPTU_FA25_SWP391_G4_Topic3_SkaEV/[39mnode_modules/[4m@v
itest[24m/runner/dist/index.js:909:15[90m)[39m

 [32mΓ£ô[39m src/store/__tests__/bookingStore.test.js [2m ([22m[2m27 tests[22m [2m|[22m [33m1 skipped[39m[2m)[22m[33m 336[2mms[22m[39m
 [32mΓ£ô[39m src/store/__tests__/authStore.test.js [2m ([22m[2m9 tests[22m[2m)[22m[90m 180[2mms[22m[39m
 [2m[90mΓåô[39m[22m src/components/ui/__tests__/QRCodeScanner.test.jsx [2m ([22m[2m11 tests[22m [2m|[22m [33m11 skipped[39m[2m)[22m
 [2m[90mΓåô[39m[22m src/pages/customer/__tests__/Payment.test.jsx [2m ([22m[2m14 tests[22m [2m|[22m [33m14 skipped[39m[2m)[22m
[90mstdout[2m | src/pages/auth/__tests__/Login.test.jsx[2m > [22m[2mLoginPage[2m > [22m[2msuccessfully logs in and stores token[22m[39m
Login successful {
  userId: [33m1[39m,
  email: [32m'customer@skaev.com'[39m,
  fullName: [32m'John Doe'[39m,
  role: [32m'customer'[39m
}

[90mstdout[2m | src/pages/auth/__tests__/Login.test.jsx[2m > [22m[2mLoginPage[2m > [22m[2mnavigates to customer dashboard after customer login[22m[39m
Login successful { userId: [33m1[39m, email: [32m'customer@skaev.com'[39m, role: [32m'customer'[39m }

[90mstdout[2m | src/pages/auth/__tests__/Login.test.jsx[2m > [22m[2mLoginPage[2m > [22m[2mnavigates to admin dashboard after admin login[22m[39m
Login successful { userId: [33m2[39m, email: [32m'admin@skaev.com'[39m, role: [32m'admin'[39m }

[90mstdout[2m | src/pages/auth/__tests__/Login.test.jsx[2m > [22m[2mLoginPage[2m > [22m[2mnavigates to staff dashboard after staff login[22m[39m
Login successful { userId: [33m3[39m, email: [32m'staff@skaev.com'[39m, role: [32m'staff'[39m }

[90mstdout[2m | src/pages/auth/__tests__/Login.test.jsx[2m > [22m[2mLoginPage[2m > [22m[2mhandles login without role in response and fetches profile[22m[39m
Login successful { token: [32m'abc123'[39m }

[90mstdout[2m | src/pages/auth/__tests__/Login.test.jsx[2m > [22m[2mLoginPage[2m > [22m[2mhandles profile fetch error after login[22m[39m
Login successful { token: [32m'abc123'[39m }

[90mstderr[2m | src/pages/auth/__tests__/Login.test.jsx[2m > [22m[2mLoginPage[2m > 
[22m[2mhandles profile fetch error after login[22m[39m
Failed to fetch profile after login: Error: Network error
    at [90mD:\Term5\SWP391\FPTU_FA25_SWP391_G4_Topic3_SkaEV\[39msrc\pages\auth\__tests__\Login.test.j
sx:386:42
    at [90mfile:///D:/Term5/SWP391/FPTU_FA25_SWP391_G4_Topic3_SkaEV/[39mnode_modules/[4m@vitest[24m
/runner/dist/index.js:135:14
    at [90mfile:///D:/Term5/SWP391/FPTU_FA25_SWP391_G4_Topic3_SkaEV/[39mnode_modules/[4m@vitest[24m
/runner/dist/index.js:60:26
    at runTest [90m(file:///D:/Term5/SWP391/FPTU_FA25_SWP391_G4_Topic3_SkaEV/[39mnode_modules/[4m@vi
test[24m/runner/dist/index.js:781:17[90m)[39m
    at runSuite [90m(file:///D:/Term5/SWP391/FPTU_FA25_SWP391_G4_Topic3_SkaEV/[39mnode_modules/[4m@v
itest[24m/runner/dist/index.js:909:15[90m)[39m
    at runSuite [90m(file:///D:/Term5/SWP391/FPTU_FA25_SWP391_G4_Topic3_SkaEV/[39mnode_modules/[4m@v
itest[24m/runner/dist/index.js:909:15[90m)[39m
    at runFiles [90m(file:///D:/Term5/SWP391/FPTU_FA25_SWP391_G4_Topic3_SkaEV/[39mnode_modules/[4m@v
itest[24m/runner/dist/index.js:958:5[90m)[39m
    at startTests [90m(file:///D:/Term5/SWP391/FPTU_FA25_SWP391_G4_Topic3_SkaEV/[39mnode_modules/[4m
@vitest[24m/runner/dist/index.js:967:3[90m)[39m
    at [90mfile:///D:/Term5/SWP391/FPTU_FA25_SWP391_G4_Topic3_SkaEV/[39mnode_modules/[4mvitest[24m/
dist/chunks/runtime-runBaseTests.oAvMKtQC.js:116:7
    at withEnv [90m(file:///D:/Term5/SWP391/FPTU_FA25_SWP391_G4_Topic3_SkaEV/[39mnode_modules/[4mvit
est[24m/dist/chunks/runtime-runBaseTests.oAvMKtQC.js:83:5[90m)[39m

[90mstdout[2m | src/pages/auth/__tests__/Login.test.jsx[2m > [22m[2mLoginPage[2m > [22m[2mnavigates to home for unknown role[22m[39m
Login successful { userId: [33m99[39m, email: [32m'unknown@test.com'[39m, role: [32m'unknown_role'[39m }

[90mstderr[2m | src/pages/auth/__tests__/Login.test.jsx[2m > [22m[2mLoginPage[2m > 
[22m[2mnavigates to home for unknown role[22m[39m
Failed to fetch profile after login: Error: Network error
    at [90mD:\Term5\SWP391\FPTU_FA25_SWP391_G4_Topic3_SkaEV\[39msrc\pages\auth\__tests__\Login.test.j
sx:386:42
    at [90mfile:///D:/Term5/SWP391/FPTU_FA25_SWP391_G4_Topic3_SkaEV/[39mnode_modules/[4m@vitest[24m
/runner/dist/index.js:135:14
    at [90mfile:///D:/Term5/SWP391/FPTU_FA25_SWP391_G4_Topic3_SkaEV/[39mnode_modules/[4m@vitest[24m
/runner/dist/index.js:60:26
    at runTest [90m(file:///D:/Term5/SWP391/FPTU_FA25_SWP391_G4_Topic3_SkaEV/[39mnode_modules/[4m@vi
test[24m/runner/dist/index.js:781:17[90m)[39m
    at runSuite [90m(file:///D:/Term5/SWP391/FPTU_FA25_SWP391_G4_Topic3_SkaEV/[39mnode_modules/[4m@v
itest[24m/runner/dist/index.js:909:15[90m)[39m
    at runSuite [90m(file:///D:/Term5/SWP391/FPTU_FA25_SWP391_G4_Topic3_SkaEV/[39mnode_modules/[4m@v
itest[24m/runner/dist/index.js:909:15[90m)[39m
    at runFiles [90m(file:///D:/Term5/SWP391/FPTU_FA25_SWP391_G4_Topic3_SkaEV/[39mnode_modules/[4m@v
itest[24m/runner/dist/index.js:958:5[90m)[39m
    at startTests [90m(file:///D:/Term5/SWP391/FPTU_FA25_SWP391_G4_Topic3_SkaEV/[39mnode_modules/[4m
@vitest[24m/runner/dist/index.js:967:3[90m)[39m
    at [90mfile:///D:/Term5/SWP391/FPTU_FA25_SWP391_G4_Topic3_SkaEV/[39mnode_modules/[4mvitest[24m/
dist/chunks/runtime-runBaseTests.oAvMKtQC.js:116:7
    at withEnv [90m(file:///D:/Term5/SWP391/FPTU_FA25_SWP391_G4_Topic3_SkaEV/[39mnode_modules/[4mvit
est[24m/dist/chunks/runtime-runBaseTests.oAvMKtQC.js:83:5[90m)[39m

[90mstdout[2m | src/pages/auth/__tests__/Login.test.jsx[2m > [22m[2mLoginPage[2m > [22m[2mhandles Google login button click[22m[39m
Google login successful: Google User

[90mstderr[2m | src/pages/auth/__tests__/Login.test.jsx[2m > [22m[2mLoginPage[2m > 
[22m[2mhandles Google login button click[22m[39m
Error: Not implemented: window.alert
    at module.exports (D:\Term5\SWP391\FPTU_FA25_SWP391_G4_Topic3_SkaEV\node_modules\jsdom\lib\jsdom\br
owser\not-implemented.js:9:17)
    at 
D:\Term5\SWP391\FPTU_FA25_SWP391_G4_Topic3_SkaEV\node_modules\jsdom\lib\jsdom\browser\Window.js:898:7
    at handleGoogleLogin 
(D:\Term5\SWP391\FPTU_FA25_SWP391_G4_Topic3_SkaEV\src\pages\auth\Login.jsx:101:9) [90mundefined[39m

[90mstderr[2m | src/pages/auth/__tests__/Login.test.jsx[2m > [22m[2mLoginPage[2m > 
[22m[2mhandles Google login failure[22m[39m
Google login failed: Login failed

[90mstderr[2m | src/pages/auth/__tests__/Login.test.jsx[2m > [22m[2mLoginPage[2m > 
[22m[2mhandles Google login cancellation[22m[39m
Google login failed: User cancelled

[90mstderr[2m | src/pages/auth/__tests__/Login.test.jsx[2m > [22m[2mLoginPage[2m > 
[22m[2mhandles Google login network error[22m[39m
Google login failed: Network error
Error: Not implemented: window.alert
    at module.exports (D:\Term5\SWP391\FPTU_FA25_SWP391_G4_Topic3_SkaEV\node_modules\jsdom\lib\jsdom\br
owser\not-implemented.js:9:17)
    at 
D:\Term5\SWP391\FPTU_FA25_SWP391_G4_Topic3_SkaEV\node_modules\jsdom\lib\jsdom\browser\Window.js:898:7
    at handleGoogleLogin 
(D:\Term5\SWP391\FPTU_FA25_SWP391_G4_Topic3_SkaEV\src\pages\auth\Login.jsx:112:7) [90mundefined[39m

 [32mΓ£ô[39m src/pages/auth/__tests__/Login.test.jsx [2m ([22m[2m29 tests[22m[2m)[22m[33m 55827[2mms[22m[39m
 [33mΓ¥»[39m src/pages/auth/__tests__/Register.test.jsx [2m ([22m[2m35 tests[22m [2m|[22m [31m3 failed[39m [2m|[22m [33m8 skipped[39m[2m)[22m[33m 71838[2mms[22m[39m
[31m   [33mΓ¥»[31m src/pages/auth/__tests__/Register.test.jsx[2m > [22mRegisterPage[2m > [22mhandles successful registration with email verification[39m
[31m     ΓåÆ Test timed out in 5000ms.
If this is a long-running test, pass a timeout value as the last argument or configure it globally with "testTimeout".[39m
[31m   [33mΓ¥»[31m src/pages/auth/__tests__/Register.test.jsx[2m > [22mRegisterPage[2m > [22mhandles registration without email verification[39m
[31m     ΓåÆ Test timed out in 5000ms.
If this is a long-running test, pass a timeout value as the last argument or configure it globally with "testTimeout".[39m
[31m   [33mΓ¥»[31m src/pages/auth/__tests__/Register.test.jsx[2m > [22mRegisterPage[2m > [22mhandles registration exception[39m
[31m     ΓåÆ Test timed out in 5000ms.
If this is a long-running test, pass a timeout value as the last argument or configure it globally with "testTimeout".[39m

[31mΓÄ»ΓÄ»ΓÄ»ΓÄ»ΓÄ»ΓÄ»ΓÄ»[1m[7m Failed Tests 3 [27m[22mΓÄ»ΓÄ»ΓÄ»ΓÄ»ΓÄ»ΓÄ»ΓÄ»[39m

[31m[1m[7m FAIL [27m[22m[39m src/pages/auth/__tests__/Register.test.jsx[2m > 
[22mRegisterPage[2m > [22mhandles successful registration with email verification
[31m[1m[7m FAIL [27m[22m[39m src/pages/auth/__tests__/Register.test.jsx[2m > 
[22mRegisterPage[2m > [22mhandles registration without email verification
[31m[1m[7m FAIL [27m[22m[39m src/pages/auth/__tests__/Register.test.jsx[2m > 
[22mRegisterPage[2m > [22mhandles registration exception
[31m[1mError[22m: Test timed out in 5000ms.
If this is a long-running test, pass a timeout value as the last argument or configure it globally 
with "testTimeout".[39m
[31m[2mΓÄ»ΓÄ»ΓÄ»ΓÄ»ΓÄ»ΓÄ»ΓÄ»ΓÄ»ΓÄ»ΓÄ»ΓÄ»ΓÄ»ΓÄ»ΓÄ»ΓÄ»ΓÄ»ΓÄ»ΓÄ»ΓÄ»ΓÄ»ΓÄ»ΓÄ»ΓÄ»ΓÄ»[1/3]ΓÄ»[22m[39m

[2m Test Files [22m [1m[31m1 failed[39m[22m[2m | [22m[1m[32m3 passed[39m[22m[2m | [22m[33m2 skipped[39m[90m (6)[39m
[2m      Tests [22m [1m[31m3 failed[39m[22m[2m | [22m[1m[32m88 passed[39m[22m[2m | [22m[33m34 skipped[39m[90m (125)[39m
[2m   Start at [22m 00:23:53
[2m   Duration [22m 121.85s[2m (transform 18.56s, setup 4.53s, collect 140.62s, tests 128.18s, environment 9.99s, prepare 2.78s)[22m

